[www.cs.umb.edu_443/index.html]
[backblue.gif]
[fade.gif]
[index.html]
[www.cs.umb.edu_443/static/bootstrap.min.css]
[www.cs.umb.edu_443/static/bootstrap_carousel.css]
[www.cs.umb.edu_443/static/layout/styles/layout.css]
[www.cs.umb.edu_443/static/event.css]
[www.cs.umb.edu_443/static/layout/styles/fontawesome-4.2.0.min.css]
[www.cs.umb.edu_443/static/carousel.css]
[www.cs.umb.edu_443/static/style.css]
[www.cs.umb.edu_443/static/images/favicon.gif]
[www.cs.umb.edu_443/static/images/umass_logo/logo.png]
[www.cs.umb.edu_443/sp/about/contact_us/index.html]
[www.cs.umb.edu_443/sp/resources/other/faqs/index.html]
[www.cs.umb.edu_443/media/img/mainpage/Mainpage_Spring_2019_TechTogether_3.jpg]
[www.cs.umb.edu_443/sp/about/the_department/index.html]
[www.cs.umb.edu_443/sp/about/facilities/index.html]
[www.cs.umb.edu_443/sp/about/index.html]
[www.cs.umb.edu_443/sp/about/getting_here/index.html]
[www.cs.umb.edu_443/media/img/mainpage/Mainpage_Spring_2019_TechTogether_1.jpg]
[www.cs.umb.edu_443/sp/getting_here/accommodations/index.html]
[www.cs.umb.edu_443/sp/getting_here/campus_map/index.html]
[www.cs.umb.edu_443/sp/academics/index.html]
[www.cs.umb.edu_443/sp/getting_here/sites_attractions/index.html]
[www.cs.umb.edu_443/media/img/mainpage/IMG_1473.jpg]
[www.cs.umb.edu_443/sp/academics/admissions/index.html]
[www.cs.umb.edu_443/sp/academics/student_funding/index.html]
[www.cs.umb.edu_443/sp/academics/undergraduate_programs/index.html]
[www.cs.umb.edu_443/sp/academics/undergraduate_programs/cs_ba/index.html]
[www.cs.umb.edu_443/media/img/mainpage/IMG_1461.jpg]
[www.cs.umb.edu_443/sp/academics/cs_minor/index.html]
[www.cs.umb.edu_443/sp/academics/graduate_programs/index.html]
[www.cs.umb.edu_443/sp/academics/undergraduate_programs/cs_bs/index.html]
[www.cs.umb.edu_443/sp/academics/undergraduate_programs/it_bs/index.html]
[www.cs.umb.edu_443/media/img/mainpage/IMG_1030.jpg]
[www.cs.umb.edu_443/sp/academics/certificate_programs/index.html]
[www.cs.umb.edu_443/sp/academics/graduate_programs/cs_phd/index.html]
[www.cs.umb.edu_443/sp/academics/honors_program/index.html]
[www.cs.umb.edu_443/sp/academics/graduate_programs/cs_ms/index.html]
[www.cs.umb.edu_443/media/documents/office_hours.pdf]
[www.cs.umb.edu_443/sp/academics/certificate_programs/undergraduate/index.html]
[www.cs.umb.edu_443/sp/academics/certificate_programs/graduate/index.html]
[www.cs.umb.edu_443/academics/courses/undergraduate/index.html]
[www.cs.umb.edu_443/academics/courses/index.html]
[www.cs.umb.edu_443/umbcs/documents/CS_dept_IT_Policies.pdf]
[www.cs.umb.edu_443/academics/courses/graduate/index.html]
[www.cs.umb.edu_443/sp/people/index.html]
[www.cs.umb.edu_443/academics/course_schedule/index.html]
[www.cs.umb.edu_443/static/images/social/facebook@2x.png]
[www.cs.umb.edu_443/people/faculty/retired/index.html]
[www.cs.umb.edu_443/people/staff/index.html]
[www.cs.umb.edu_443/people/faculty/active/index.html]
[www.cs.umb.edu_443/people/faculty/index.html]
[www.cs.umb.edu_443/static/images/social/twitter@2x.png]
[www.cs.umb.edu_443/people/memoriam/index.html]
[www.cs.umb.edu_443/people/staff/retired/index.html]
[www.cs.umb.edu_443/static/images/social/youtube@2x.png]
[www.cs.umb.edu_443/research/groups/index.html]
[www.cs.umb.edu_443/sp/research/index.html]
[www.cs.umb.edu_443/sp/news_and_events/index.html]
[www.cs.umb.edu_443/research/funding/index.html]
[www.cs.umb.edu_443/static/layout/scripts/jquery.min.js]
[www.cs.umb.edu_443/news_and_events/colloquia/index.html]
[www.cs.umb.edu_443/news_and_events/events_calendar/index.html]
[www.cs.umb.edu_443/news_and_events/announcements/index.html]
[www.cs.umb.edu_443/news_and_events/jobs_and_internships/index.html]
[www.cs.umb.edu_443/static/bootstrap.min.js]
[www.cs.umb.edu_443/static/layout/scripts/jquery.mobilemenu.js]
[www.cs.umb.edu_443/sp/news_and_events/faculty_search/index.html]
[www.cs.umb.edu_443/sp/news_and_events/staff_search/index.html]
[www.cs.umb.edu_443/sp/resources/index.html]
[www.cs.umb.edu_443/news_and_events/events_calendar/287/index.html]
[www.cs.umb.edu_443/static/layout/scripts/tabslet/jquery.tabslet.min.js]
[www.cs.umb.edu_443/index.html]
[www.cs.umb.edu_443/news_and_events/announcements/387/index.html]
[www.cs.umb.edu_443/news_and_events/announcements/388/index.html]
[www.cs.umb.edu_443/sp/about/contact_us/index.html]
[www.cs.umb.edu_443/people/Nurit_Haspel/index.html]
[www.cs.umb.edu_443/people/Ming_Ouyang/index.html]
[www.cs.umb.edu_443/people/Glenn_Hoffman/index.html]
[www.cs.umb.edu_443/people/Marc_Pomplun/index.html]
[www.cs.umb.edu_443/people/Dan_Simovici/index.html]
[www.cs.umb.edu_443/people/Tiago_Cogumbreiro/index.html]
[www.cs.umb.edu_443/people/Elizabeth_O'Neil/index.html]
[www.cs.umb.edu_443/people/Debbie_Wade/index.html]
[www.cs.umb.edu_443/umbcs/img/regular/third_floor_map.jpg]
[www.cs.umb.edu_443/sp/resources/other/faqs/index.html]
[www.cs.umb.edu_443/sp/about/index.html]
[www.cs.umb.edu_443/sp/about/the_department/index.html]
[www.cs.umb.edu_443/media/img/regular/unix_lab14.jpg]
[www.cs.umb.edu_443/people/Joyce_Quach/index.html]
[www.cs.umb.edu_443/people/Gemma_Galecia/index.html]
[www.cs.umb.edu_443/media/img/regular/war_room.jpg]
[www.cs.umb.edu_443/sp/about/facilities/policies/index.html]
[www.cs.umb.edu/media/img/regular/Web_Lab_1.jpg]
[www.cs.umb.edu/media/img/regular/Web_Lab_2.jpg]
[www.cs.umb.edu/media/img/regular/IT_Lab_1.jpg]
[www.cs.umb.edu/media/img/regular/IT_Lab_2.jpg]
[www.cs.umb.edu_443/sp/about/facilities/index.html]
[www.cs.umb.edu_443/sp/about/getting_here/index.html]
[www.cs.umb.edu_443/sp/getting_here/accommodations/index.html]
[www.cs.umb.edu_443/sp/getting_here/sites_attractions/index.html]
[www.cs.umb.edu/media/documents/2019.03.25_Campus_Center_Transportation_Map.pdf]
[www.cs.umb.edu/media/documents/third_floor_map.pdf]
[www.cs.umb.edu_443/sp/getting_here/campus_map/index.html]
[www.cs.umb.edu_443/sp/academics/index.html]
[www.cs.umb.edu_443/sp/academics/admissions/index.html]
[www.cs.umb.edu_443/sp/academics/student_funding/index.html]
[www.cs.umb.edu_443/academics/courses/CS105/index.html]
[www.cs.umb.edu_443/sp/academics/undergraduate_programs/index.html]
[www.cs.umb.edu_443/sp/academics/undergraduate_programs/cs_ba/index.html]
[www.cs.umb.edu_443/sp/academics/undergraduate_programs/cs_bs/index.html]
[www.cs.umb.edu_443/sp/academics/undergraduate_programs/it_bs/index.html]
[www.cs.umb.edu_443/sp/academics/cs_minor/index.html]
[www.cs.umb.edu_443/sp/academics/graduate_programs/index.html]
[www.cs.umb.edu_443/academics/courses/CS210/index.html]
[www.cs.umb.edu_443/academics/courses/CS110/index.html]
[www.cs.umb.edu_443/academics/courses/CS220/index.html]
[www.cs.umb.edu_443/sp/academics/graduate_programs/cs_ms/index.html]
[www.cs.umb.edu_443/academics/courses/CS240/index.html]
[www.cs.umb.edu_443/academics/courses/CS310/index.html]
[www.cs.umb.edu_443/academics/courses/CS699/index.html]
[www.cs.umb.edu_443/sp/academics/graduate_programs/cs_phd/index.html]
[www.cs.umb.edu_443/sp/academics/honors_program/index.html]
[www.cs.umb.edu_443/sp/academics/certificate_programs/index.html]
[www.umb.edu/editor_uploads/images/registrar/UndergradCertificateProgramApplication_Sp18_v2.pdf]
[www.cs.umb.edu_443/sp/academics/certificate_programs/undergraduate/index.html]
[www.cs.umb.edu_443/sp/academics/certificate_programs/graduate/index.html]
[www.cs.umb.edu_443/academics/courses/CS630/index.html]
[www.cs.umb.edu_443/academics/courses/CS615/index.html]
[www.cs.umb.edu_443/academics/courses/CS634/index.html]
[www.cs.umb.edu_443/academics/courses/index.html]
[www.cs.umb.edu_443/academics/courses/CS108/index.html]
[www.cs.umb.edu_443/academics/courses/CS109/index.html]
[www.cs.umb.edu_443/academics/courses/CS110L/index.html]
[www.cs.umb.edu_443/academics/courses/undergraduate/index.html]
[www.cs.umb.edu_443/academics/courses/CS119/index.html]
[www.cs.umb.edu_443/academics/courses/CS187SL/index.html]
[www.cs.umb.edu_443/academics/courses/CS188SL/index.html]
[www.cs.umb.edu_443/academics/courses/graduate/index.html]
[www.cs.umb.edu_443/academics/courses/CS210L/index.html]
[www.cs.umb.edu_443/academics/courses/CS271L/index.html]
[www.cs.umb.edu_443/academics/courses/CS285L/index.html]
[www.cs.umb.edu_443/static/utils.js]
[www.cs.umb.edu_443/academics/courses/CS341L/index.html]
[www.cs.umb.edu_443/academics/courses/CS341/index.html]
[www.cs.umb.edu_443/academics/courses/CS410/index.html]
[www.cs.umb.edu_443/academics/courses/CS420/index.html]
[www.cs.umb.edu_443/academics/courses/CS411/index.html]
[www.cs.umb.edu_443/academics/courses/CS430/index.html]
[www.cs.umb.edu_443/academics/courses/CS433/index.html]
[www.cs.umb.edu_443/academics/courses/CS442/index.html]
[www.cs.umb.edu_443/academics/courses/CS437/index.html]
[www.cs.umb.edu_443/academics/courses/CS438/index.html]
[www.cs.umb.edu_443/academics/courses/CS436/index.html]
[www.cs.umb.edu_443/academics/courses/CS444/index.html]
[www.cs.umb.edu_443/academics/courses/CS443/index.html]
[www.cs.umb.edu_443/academics/courses/CS446/index.html]
[www.cs.umb.edu_443/academics/courses/CS449/index.html]
[www.cs.umb.edu_443/academics/courses/CS460/index.html]
[www.cs.umb.edu_443/academics/courses/CS461/index.html]
[www.cs.umb.edu_443/academics/courses/CS450/index.html]
[www.cs.umb.edu_443/academics/courses/CS451/index.html]
[www.cs.umb.edu_443/academics/courses/CS470/index.html]
[www.cs.umb.edu_443/academics/courses/CS495/index.html]
[www.cs.umb.edu_443/academics/courses/CS480/index.html]
[www.cs.umb.edu_443/academics/courses/CS478/index.html]
[www.cs.umb.edu_443/academics/courses/CS622/index.html]
[www.cs.umb.edu_443/academics/courses/CS498/index.html]
[www.cs.umb.edu_443/academics/courses/CS612/index.html]
[www.cs.umb.edu_443/academics/courses/CS620/index.html]
[www.cs.umb.edu_443/academics/courses/CS624/index.html]
[www.cs.umb.edu_443/academics/courses/CS638/index.html]
[www.cs.umb.edu_443/academics/courses/CS636/index.html]
[www.cs.umb.edu_443/academics/courses/CS637/index.html]
[www.cs.umb.edu_443/academics/courses/CS642/index.html]
[www.cs.umb.edu_443/academics/courses/CS646/index.html]
[www.cs.umb.edu_443/academics/courses/CS648/index.html]
[www.cs.umb.edu_443/academics/courses/CS644/index.html]
[www.cs.umb.edu_443/academics/courses/CS671/index.html]
[www.cs.umb.edu_443/academics/courses/CS670/index.html]
[www.cs.umb.edu_443/academics/courses/CS651/index.html]
[www.cs.umb.edu_443/academics/courses/CS675/index.html]
[www.cs.umb.edu_443/academics/courses/CS681/index.html]
[www.cs.umb.edu_443/academics/courses/CS682/index.html]
[www.cs.umb.edu_443/academics/courses/CS680/index.html]
[www.cs.umb.edu_443/academics/courses/CS696/index.html]
[www.cs.umb.edu_443/academics/courses/CS724/index.html]
[www.cs.umb.edu_443/academics/courses/CS720/index.html]
[www.cs.umb.edu_443/academics/courses/CS697/index.html]
[www.cs.umb.edu_443/academics/courses/CS698/index.html]
[www.cs.umb.edu_443/academics/courses/IT110/index.html]
[www.cs.umb.edu_443/academics/courses/CS752/index.html]
[www.cs.umb.edu_443/academics/courses/IT111L/index.html]
[www.cs.umb.edu_443/academics/courses/CS899/index.html]
[www.cs.umb.edu_443/academics/courses/IT117/index.html]
[www.cs.umb.edu_443/academics/courses/IT114L/index.html]
[www.cs.umb.edu_443/academics/courses/IT116/index.html]
[www.cs.umb.edu_443/academics/courses/IT115L/index.html]
[www.cs.umb.edu_443/academics/courses/IT187SL/index.html]
[www.cs.umb.edu_443/academics/courses/IT210L/index.html]
[www.cs.umb.edu_443/academics/courses/IT220/index.html]
[www.cs.umb.edu_443/academics/courses/IT221/index.html]
[www.cs.umb.edu_443/academics/courses/IT246/index.html]
[www.cs.umb.edu_443/academics/courses/IT230L/index.html]
[www.cs.umb.edu_443/academics/courses/IT244/index.html]
[www.cs.umb.edu_443/academics/courses/IT240/index.html]
[www.cs.umb.edu_443/academics/courses/IT360/index.html]
[www.cs.umb.edu_443/academics/courses/IT341/index.html]
[www.cs.umb.edu_443/academics/courses/IT370/index.html]
[www.cs.umb.edu_443/academics/courses/IT285L/index.html]
[www.cs.umb.edu_443/academics/courses/IT428/index.html]
[www.cs.umb.edu_443/academics/courses/IT425L/index.html]
[www.cs.umb.edu_443/academics/courses/IT421/index.html]
[www.cs.umb.edu_443/academics/courses/IT420/index.html]
[www.cs.umb.edu_443/academics/courses/IT428L/index.html]
[www.cs.umb.edu_443/academics/courses/IT443/index.html]
[www.cs.umb.edu_443/academics/courses/IT442/index.html]
[www.cs.umb.edu_443/academics/courses/IT441/index.html]
[www.cs.umb.edu_443/academics/courses/IT460/index.html]
[www.cs.umb.edu_443/academics/courses/IT461/index.html]
[www.cs.umb.edu_443/academics/courses/IT456/index.html]
[www.cs.umb.edu_443/academics/courses/IT444/index.html]
[www.cs.umb.edu_443/academics/courses/IT471/index.html]
[www.cs.umb.edu_443/academics/courses/IT480/index.html]
[www.cs.umb.edu_443/academics/courses/IT472/index.html]
[www.cs.umb.edu_443/academics/courses/IT461L/index.html]
[www.cs.umb.edu_443/academics/courses/IT485/index.html]
[www.cs.umb.edu_443/people/Joshua_Yee/index.html]
[www.cs.umb.edu_443/people/Xiaoqian_Zhang/index.html]
[www.cs.umb.edu_443/people/Swami_Iyer/index.html]
[www.cs.umb.edu_443/people/Funda_Durupinar/index.html]
[www.cs.umb.edu_443/people/Duc_Tran/index.html]
[www.cs.umb.edu_443/people/Fatemeh_Afrasiabi/index.html]
[www.cs.umb.edu_443/people/Amanda_Potasznik/index.html]
[www.cs.umb.edu_443/people/Mohinish_Shukla/index.html]
[www.cs.umb.edu_443/people/Ron_Cheung/index.html]
[www.cs.umb.edu_443/people/Xiaohui_Liang/index.html]
[www.cs.umb.edu_443/people/Haoyu_Wang/index.html]
[www.cs.umb.edu_443/people/Carl_Offner/index.html]
[www.cs.umb.edu_443/people/Bo_Sheng/index.html]
[www.cs.umb.edu_443/people/Gabriel_Ghinita/index.html]
[www.cs.umb.edu_443/people/Kenneth_Fletcher/index.html]
[www.cs.umb.edu_443/people/Daniel_Haehn/index.html]
[www.cs.umb.edu_443/people/Jun_Suzuki/index.html]
[www.cs.umb.edu_443/people/Wei_Ding/index.html]
[www.cs.umb.edu_443/people/Ping_Chen/index.html]
[www.cs.umb.edu_443/people/Honggang_Zhang/index.html]
[www.cs.umb.edu_443/people/Jonathan_Frankel/index.html]
[www.cs.umb.edu_443/people/Nana_Lin/index.html]
[www.cs.umb.edu_443/people/George_Kelley/index.html]
[www.cs.umb.edu_443/people/Paul_Cleary/index.html]
[www.cs.umb.edu_443/people/Christopher_Kelly/index.html]
[www.cs.umb.edu_443/people/Jong_Kim/index.html]
[www.cs.umb.edu_443/people/Mark_Stone/index.html]
[www.cs.umb.edu_443/people/Josephine_Namayanja/index.html]
[www.cs.umb.edu_443/people/Nelson_Velez/index.html]
[www.cs.umb.edu_443/people/Temitayo_Banjo/index.html]
[www.cs.umb.edu_443/people/Torna_Soro/index.html]
[www.cs.umb.edu_443/people/RamaKrishna_Ayyagari/index.html]
[www.cs.umb.edu_443/people/Roger_Blake/index.html]
[www.cs.umb.edu_443/people/Jean-Pierre_Kuilboer/index.html]
[www.cs.umb.edu_443/people/One_Lee/index.html]
[www.cs.umb.edu_443/people/Simon_Tran/index.html]
[www.cs.umb.edu_443/academics/course_schedule/index.html]
[www.cs.umb.edu_443/sp/people/index.html]
[www.cs.umb.edu_443/media/img/personnel/No_Photo_Available.jpg]
[www.cs.umb.edu_443/people/Shan_Jiang/index.html]
[www.cs.umb.edu_443/media/img/personnel/Alfred_Bird.jpg]
[www.cs.umb.edu_443/media/img/personnel/Ethan_Bolker.jpg]
[www.cs.umb.edu_443/people/Alfred_Bird/index.html]
[www.cs.umb.edu_443/media/img/personnel/Bill_Campbell.jpg]
[www.cs.umb.edu_443/people/Ethan_Bolker/index.html]
[www.cs.umb.edu_443/media/img/personnel/Ron_Cheung.jpg]
[www.cs.umb.edu_443/people/Bill_Campbell/index.html]
[www.cs.umb.edu_443/media/img/personnel/Tiago_Cogumbreiro.jpg]
[www.cs.umb.edu_443/media/img/personnel/Wei_Ding.jpg]
[www.cs.umb.edu_443/media/img/personnel/Funda_Durupinar.jpg]
[www.cs.umb.edu_443/media/img/personnel/Peter_Fejer.jpg]
[www.cs.umb.edu_443/media/img/personnel/Kenneth_K_Fletcher.jpg]
[www.cs.umb.edu_443/media/img/personnel/Gabriel_Ghinita.jpg]
[www.cs.umb.edu_443/people/Peter_Fejer/index.html]
[www.cs.umb.edu_443/media/img/personnel/Colin_Godgrey.jpg]
[www.cs.umb.edu_443/media/img/personnel/Daniel_Haehn.jpg]
[www.cs.umb.edu_443/people/Colin_Godfrey/index.html]
[www.cs.umb.edu_443/media/img/personnel/Nurit_Haspel.jpg]
[www.cs.umb.edu_443/media/img/personnel/Glenn_Hoffman.jpg]
[www.cs.umb.edu_443/media/img/personnel/swami.jpg]
[www.cs.umb.edu_443/media/img/personnel/Xiaohui_Liang.jpg]
[www.cs.umb.edu_443/media/img/personnel/Joan_Lukas.jpg]
[www.cs.umb.edu_443/media/img/personnel/Robert_Morris.jpg]
[www.cs.umb.edu_443/media/img/personnel/Elizabeth_ONeil.jpg]
[www.cs.umb.edu_443/people/George_Lukas/index.html]
[www.cs.umb.edu_443/people/Joan_Lukas/index.html]
[www.cs.umb.edu_443/people/Robert_Morris/index.html]
[www.cs.umb.edu_443/people/Kenneth_Newman/index.html]
[www.cs.umb.edu_443/media/img/personnel/Patrick_ONeil.jpg]
[www.cs.umb.edu_443/media/img/personnel/Carl_Offner.jpg]
[www.cs.umb.edu_443/people/Patrick_O'Neil/index.html]
[www.cs.umb.edu_443/media/img/personnel/Ming_Ouyang.jpg]
[www.cs.umb.edu_443/media/img/personnel/Marc_Pomplun.jpg]
[www.cs.umb.edu_443/media/img/personnel/Amanda_Potasznik.png]
[www.cs.umb.edu_443/media/img/personnel/Matthew_Schneps.jpg]
[www.cs.umb.edu_443/media/img/personnel/Bo_Sheng.jpg]
[www.cs.umb.edu_443/media/img/personnel/Dan_Simovici.jpg]
[www.cs.umb.edu_443/people/Matthew_Schneps/index.html]
[www.cs.umb.edu_443/media/img/personnel/Torna_Omar_Soro.jpg]
[www.cs.umb.edu_443/media/img/personnel/Jun_Suzuki.jpg]
[www.cs.umb.edu_443/media/img/personnel/Richard_Tenney.jpg]
[www.cs.umb.edu_443/media/img/personnel/Duc_Tran.jpg]
[www.cs.umb.edu_443/people/Richard_Tenney/index.html]
[www.cs.umb.edu_443/media/img/personnel/Robert_Wilson.jpg]
[www.cs.umb.edu_443/people/faculty/index.html]
[www.cs.umb.edu_443/people/faculty/active/index.html]
[www.cs.umb.edu_443/people/faculty/retired/index.html]
[www.cs.umb.edu_443/media/img/personnel/William_Perry.jpg]
[www.cs.umb.edu_443/people/Zaihan_Yang/index.html]
[www.cs.umb.edu_443/people/Robert_Wilson/index.html]
[www.cs.umb.edu_443/people/staff/index.html]
[www.cs.umb.edu_443/people/Leonard_David/index.html]
[www.cs.umb.edu_443/people/Elif_Gurel/index.html]
[www.cs.umb.edu_443/people/John_Lewis/index.html]
[www.cs.umb.edu_443/people/Rick_Martin/index.html]
[www.cs.umb.edu_443/people/Antonio_Pera/index.html]
[www.cs.umb.edu_443/people/William_Perry/index.html]
[www.cs.umb.edu_443/people/staff/retired/index.html]
[www.cs.umb.edu_443/people/memoriam/index.html]
[www.cs.umb.edu_443/sp/research/index.html]
[www.cs.umb.edu_443/research/groups/index.html]
[www.cs.umb.edu_443/research/funding/index.html]
[www.cs.umb.edu_443/sp/news_and_events/index.html]
[www.cs.umb.edu_443/news_and_events/events_calendar/index.html]
[www.cs.umb.edu_443/people/Craig_Yu/index.html]
[www.cs.umb.edu_443/news_and_events/events_calendar/285/index.html]
[www.cs.umb.edu_443/news_and_events/colloquia/index.html]
[www.cs.umb.edu_443/news_and_events/events_calendar/286/index.html]
[www.cs.umb.edu_443/news_and_events/events_calendar/284/index.html]
[www.cs.umb.edu_443/news_and_events/events_calendar/283/index.html]
[www.cs.umb.edu_443/news_and_events/events_calendar/282/index.html]
[www.cs.umb.edu_443/news_and_events/announcements/index.html]
[www.cs.umb.edu_443/news_and_events/colloquia/286/index.html]
[www.cs.umb.edu_443/news_and_events/colloquia/285/index.html]
[www.cs.umb.edu_443/news_and_events/colloquia/284/index.html]
[www.cs.umb.edu_443/news_and_events/colloquia/283/index.html]
[www.cs.umb.edu_443/news_and_events/jobs_and_internships/index.html]
[www.cs.umb.edu_443/news_and_events/announcements/386/index.html]
[www.cs.umb.edu_443/news_and_events/announcements/385/index.html]
[www.cs.umb.edu_443/news_and_events/jobs_and_internships/388/index.html]
[www.cs.umb.edu_443/news_and_events/jobs_and_internships/387/index.html]
[www.cs.umb.edu_443/sp/news_and_events/faculty_search/index.html]
[www.cs.umb.edu_443/sp/news_and_events/staff_search/index.html]
[www.cs.umb.edu_443/media/documents/2017.03.20_CSIT_Ugrad_Advising_Holds_-_Resources_Page.pdf]
[www.cs.umb.edu_443/media/documents/CS-BA-Advising.pdf]
[www.cs.umb.edu_443/media/documents/CS-BS-Advising.pdf]
[www.cs.umb.edu_443/media/documents/IT-BS_advising.pdf]
[www.cs.umb.edu_443/media/documents/immunization-holds.pdf]
[www.cs.umb.edu_443/media/documents/2017.03.20_CS_Grad_Advising_Holds_-_Resources_Page.pdf]
[www.cs.umb.edu_443/media/documents/CS_Graduate_Advising_Form_-_PHD.pdf]
[www.cs.umb.edu_443/media/documents/CS_Graduate_Advising_Form_-_MS_DBTC.pdf]
[www.cs.umb.edu_443/media/documents/2019.04.29_CS_Honors_Thesis_Application_in_use.pdf]
[www.cs.umb.edu_443/media/documents/dissertation_event.docx]
[www.cs.umb.edu_443/media/documents/seminar_event.docx]
[www.cs.umb.edu_443/media/documents/CS_dept_IT_Policies.pdf]
[www.cs.umb.edu_443/sp/resources/index.html]
[www.cs.umb.edu_443/news_and_events/events_calendar/287/index.html]
[www.cs.umb.edu_443/news_and_events/announcements/388/index.html]
[www.cs.umb.edu_443/news_and_events/announcements/387/index.html]
[www.cs.umb.edu_443/people/Marc_Pomplun/index.html]
[www.cs.umb.edu_443/people/Nurit_Haspel/index.html]
[www.cs.umb.edu_443/people/Ming_Ouyang/index.html]
[www.cs.umb.edu_443/people/Glenn_Hoffman/index.html]
[www.cs.umb.edu_443/people/Dan_Simovici/index.html]
[www.cs.umb.edu_443/people/Tiago_Cogumbreiro/index.html]
[www.cs.umb.edu_443/people/Elizabeth_O'Neil/index.html]
[www.cs.umb.edu_443/static/images/demo/gallery/1.png]
[www.cs.umb.edu_443/people/Debbie_Wade/index.html]
[www.cs.umb.edu_443/people/Gemma_Galecia/index.html]
[www.cs.umb.edu_443/people/Joyce_Quach/index.html]
[www.cs.umb.edu_443/sp/about/visitor_information/index.html]
[www.cs.umb.edu_443/sp/about/facilities/policies/index.html]
[www.cs.umb.edu_443/academics/courses/CS105/index.html]
[www.cs.umb.edu_443/academics/courses/CS115L/index.html]
[www.cs.umb.edu_443/academics/courses/CS110/index.html]
[www.cs.umb.edu_443/academics/courses/CS210/index.html]
[www.cs.umb.edu_443/academics/courses/CS220/index.html]
[www.cs.umb.edu_443/academics/courses/CS240/index.html]
[www.cs.umb.edu_443/academics/courses/CS310/index.html]
[www.cs.umb.edu_443/academics/courses/CS699/index.html]
[www.cs.umb.edu_443/academics/courses/CS485/index.html]
[www.cs.umb.edu_443/academics/courses/CS630/index.html]
[www.cs.umb.edu_443/academics/courses/CS615/index.html]
[www.cs.umb.edu_443/academics/courses/CS634/index.html]
[www.cs.umb.edu_443/academics/courses/CS108/index.html]
[www.cs.umb.edu_443/academics/courses/CS109/index.html]
[www.cs.umb.edu_443/academics/courses/CS110L/index.html]
[www.cs.umb.edu_443/academics/courses/CS119/index.html]
[www.cs.umb.edu_443/academics/courses/CS187SL/index.html]
[www.cs.umb.edu_443/academics/courses/CS188SL/index.html]
[www.cs.umb.edu_443/academics/courses/CS210L/index.html]
[www.cs.umb.edu_443/academics/courses/CS271L/index.html]
[www.cs.umb.edu_443/academics/courses/CS285L/index.html]
[www.cs.umb.edu_443/academics/courses/CS341/index.html]
[www.cs.umb.edu_443/academics/courses/CS341L/index.html]
[www.cs.umb.edu_443/academics/courses/CS410/index.html]
[www.cs.umb.edu_443/academics/courses/CS411/index.html]
[www.cs.umb.edu_443/academics/courses/CS420/index.html]
[www.cs.umb.edu_443/academics/courses/CS430/index.html]
[www.cs.umb.edu_443/academics/courses/CS433/index.html]
[www.cs.umb.edu_443/academics/courses/CS436/index.html]
[www.cs.umb.edu_443/academics/courses/CS437/index.html]
[www.cs.umb.edu_443/academics/courses/CS438/index.html]
[www.cs.umb.edu_443/academics/courses/CS442/index.html]
[www.cs.umb.edu_443/academics/courses/CS443/index.html]
[www.cs.umb.edu_443/academics/courses/CS444/index.html]
[www.cs.umb.edu_443/academics/courses/CS446/index.html]
[www.cs.umb.edu_443/academics/courses/CS449/index.html]
[www.cs.umb.edu_443/academics/courses/CS450/index.html]
[www.cs.umb.edu_443/academics/courses/CS451/index.html]
[www.cs.umb.edu_443/academics/courses/CS460/index.html]
[www.cs.umb.edu_443/academics/courses/CS461/index.html]
[www.cs.umb.edu_443/academics/courses/CS470/index.html]
[www.cs.umb.edu_443/academics/courses/CS478/index.html]
[www.cs.umb.edu_443/academics/courses/CS480/index.html]
[www.cs.umb.edu_443/academics/courses/CS495/index.html]
[www.cs.umb.edu/media/documents/Computer_Science_Honors_Thesis_Application_in_use.pdf]
[www.cs.umb.edu_443/academics/courses/CS498/index.html]
[www.cs.umb.edu_443/academics/courses/CS612/index.html]
[www.cs.umb.edu_443/academics/courses/CS620/index.html]
[www.cs.umb.edu_443/academics/courses/CS622/index.html]
[www.cs.umb.edu_443/academics/courses/CS624/index.html]
[www.cs.umb.edu_443/academics/courses/CS636/index.html]
[www.cs.umb.edu_443/academics/courses/CS637/index.html]
[www.cs.umb.edu_443/academics/courses/CS638/index.html]
[www.cs.umb.edu_443/academics/courses/CS642/index.html]
[www.cs.umb.edu_443/academics/courses/CS644/index.html]
[www.cs.umb.edu_443/academics/courses/CS646/index.html]
[www.cs.umb.edu_443/academics/courses/CS648/index.html]
[www.cs.umb.edu_443/academics/courses/CS651/index.html]
[www.cs.umb.edu_443/academics/courses/CS670/index.html]
[www.cs.umb.edu_443/academics/courses/CS671/index.html]
[www.cs.umb.edu_443/academics/courses/CS675/index.html]
[www.cs.umb.edu_443/academics/courses/CS680/index.html]
[www.cs.umb.edu_443/academics/courses/CS681/index.html]
[www.cs.umb.edu_443/academics/courses/CS682/index.html]
[www.cs.umb.edu_443/academics/courses/CS696/index.html]
[www.cs.umb.edu_443/academics/courses/CS697/index.html]
[www.cs.umb.edu_443/academics/courses/CS698/index.html]
[www.cs.umb.edu_443/academics/courses/CS720/index.html]
[www.cs.umb.edu_443/academics/courses/CS724/index.html]
[www.cs.umb.edu_443/academics/courses/CS752/index.html]
[www.cs.umb.edu_443/academics/courses/CS641/index.html]
[www.cs.umb.edu/media/documents/MSPhD_Proposal-Defense_Procedure.pdf]
[www.cs.umb.edu_443/academics/courses/CS899/index.html]
[www.cs.umb.edu_443/academics/courses/IT110/index.html]
[www.cs.umb.edu_443/academics/courses/IT111L/index.html]
[www.cs.umb.edu_443/academics/courses/IT114L/index.html]
[www.cs.umb.edu_443/academics/courses/IT115L/index.html]
[www.cs.umb.edu_443/academics/courses/IT116/index.html]
[www.cs.umb.edu_443/academics/courses/IT117/index.html]
[www.cs.umb.edu_443/academics/courses/IT187SL/index.html]
[www.cs.umb.edu_443/academics/courses/IT210L/index.html]
[www.cs.umb.edu_443/academics/courses/IT220/index.html]
[www.cs.umb.edu_443/academics/courses/IT221/index.html]
[www.cs.umb.edu_443/academics/courses/IT230L/index.html]
[www.cs.umb.edu_443/academics/courses/IT240/index.html]
[www.cs.umb.edu_443/academics/courses/IT244/index.html]
[www.cs.umb.edu_443/academics/courses/IT246/index.html]
[www.cs.umb.edu_443/academics/courses/IT285L/index.html]
[www.cs.umb.edu_443/academics/courses/IT341/index.html]
[www.cs.umb.edu_443/academics/courses/IT360/index.html]
[www.cs.umb.edu_443/academics/courses/IT370/index.html]
[www.cs.umb.edu_443/academics/courses/IT420/index.html]
[www.cs.umb.edu_443/academics/courses/IT421/index.html]
[www.cs.umb.edu_443/academics/courses/IT425L/index.html]
[www.cs.umb.edu_443/academics/courses/IT428/index.html]
[www.cs.umb.edu_443/academics/courses/IT428L/index.html]
[www.cs.umb.edu_443/academics/courses/IT441/index.html]
[www.cs.umb.edu_443/academics/courses/IT442/index.html]
[www.cs.umb.edu_443/academics/courses/IT443/index.html]
[www.cs.umb.edu_443/academics/courses/IT444/index.html]
[www.cs.umb.edu_443/academics/courses/IT456/index.html]
[www.cs.umb.edu_443/academics/courses/IT460/index.html]
[www.cs.umb.edu_443/academics/courses/IT461/index.html]
[www.cs.umb.edu_443/academics/courses/IT461L/index.html]
[www.cs.umb.edu_443/academics/courses/IT471/index.html]
[www.cs.umb.edu_443/academics/courses/IT472/index.html]
[www.cs.umb.edu_443/academics/courses/IT480/index.html]
[www.cs.umb.edu_443/academics/courses/IT485/index.html]
[www.cs.umb.edu_443/people/Xiaoqian_Zhang/index.html]
[www.cs.umb.edu_443/people/Swami_Iyer/index.html]
[www.cs.umb.edu_443/people/Joshua_Yee/index.html]
[www.cs.umb.edu_443/people/Amanda_Potasznik/index.html]
[www.cs.umb.edu_443/people/Funda_Durupinar/index.html]
[www.cs.umb.edu_443/media/img/personnel/Fatemah_Afrasiabi.jpg]
[www.cs.umb.edu_443/people/Fatemeh_Afrasiabi/index.html]
[www.cs.umb.edu_443/people/Duc_Tran/index.html]
[www.cs.umb.edu_443/people/Xiaohui_Liang/index.html]
[www.cs.umb.edu_443/people/Haoyu_Wang/index.html]
[www.cs.umb.edu_443/people/Mohinish_Shukla/index.html]
[www.cs.umb.edu_443/people/Ron_Cheung/index.html]
[www.cs.umb.edu_443/people/Kenneth_Fletcher/index.html]
[www.cs.umb.edu_443/people/Bo_Sheng/index.html]
[www.cs.umb.edu_443/people/Gabriel_Ghinita/index.html]
[www.cs.umb.edu_443/people/Carl_Offner/index.html]
[www.cs.umb.edu_443/people/Daniel_Haehn/index.html]
[www.cs.umb.edu_443/people/Jun_Suzuki/index.html]
[www.cs.umb.edu_443/people/Wei_Ding/index.html]
[www.cs.umb.edu_443/media/img/personnel/ping_chen.jpg]
[www.cs.umb.edu_443/people/Ping_Chen/index.html]
[www.cs.umb.edu_443/people/Honggang_Zhang/index.html]
[www.cs.umb.edu_443/people/Jonathan_Frankel/index.html]
[www.cs.umb.edu_443/people/Nana_Lin/index.html]
[www.cs.umb.edu_443/people/George_Kelley/index.html]
[www.cs.umb.edu_443/people/Paul_Cleary/index.html]
[www.cs.umb.edu_443/people/Christopher_Kelly/index.html]
[www.cs.umb.edu_443/people/Jong_Kim/index.html]
[www.cs.umb.edu_443/people/Mark_Stone/index.html]
[www.cs.umb.edu_443/people/Josephine_Namayanja/index.html]
[www.cs.umb.edu_443/people/Nelson_Velez/index.html]
[www.cs.umb.edu_443/people/Temitayo_Banjo/index.html]
[www.cs.umb.edu_443/people/Torna_Soro/index.html]
[www.cs.umb.edu_443/people/RamaKrishna_Ayyagari/index.html]
[www.cs.umb.edu_443/people/Roger_Blake/index.html]
[www.cs.umb.edu_443/people/Jean-Pierre_Kuilboer/index.html]
[www.cs.umb.edu_443/people/One_Lee/index.html]
[www.cs.umb.edu_443/people/Simon_Tran/index.html]
[www.cs.umb.edu_443/people/Shan_Jiang/index.html]
[www.cs.umb.edu_443/people/Alfred_Bird/index.html]
[www.cs.umb.edu_443/people/Ethan_Bolker/index.html]
[www.cs.umb.edu_443/people/Bill_Campbell/index.html]
[www.cs.umb.edu_443/people/Peter_Fejer/index.html]
[www.cs.umb.edu_443/people/Colin_Godfrey/index.html]
[www.cs.umb.edu_443/people/George_Lukas/index.html]
[www.cs.umb.edu_443/people/Joan_Lukas/index.html]
[www.cs.umb.edu_443/people/Robert_Morris/index.html]
[www.cs.umb.edu_443/people/Kenneth_Newman/index.html]
[www.cs.umb.edu_443/people/Patrick_O'Neil/index.html]
[www.cs.umb.edu_443/people/Matthew_Schneps/index.html]
[www.cs.umb.edu_443/people/Richard_Tenney/index.html]
[www.cs.umb.edu_443/people/Robert_Wilson/index.html]
[www.cs.umb.edu_443/people/Zaihan_Yang/index.html]
[www.cs.umb.edu_443/people/Leonard_David/index.html]
[www.cs.umb.edu_443/people/Elif_Gurel/index.html]
[www.cs.umb.edu_443/people/John_Lewis/index.html]
[www.cs.umb.edu_443/people/Rick_Martin/index.html]
[www.cs.umb.edu_443/people/Antonio_Pera/index.html]
[www.cs.umb.edu_443/people/William_Perry/index.html]
[www.cs.umb.edu_443/media/img/personnel/Lap-Fai_Yu.jpg]
[www.cs.umb.edu_443/people/Craig_Yu/index.html]
[www.cs.umb.edu_443/news_and_events/events_calendar/285/index.html]
[www.cs.umb.edu_443/news_and_events/events_calendar/286/index.html]
[www.cs.umb.edu_443/news_and_events/events_calendar/284/index.html]
[www.cs.umb.edu_443/news_and_events/events_calendar/283/index.html]
[www.cs.umb.edu_443/news_and_events/events_calendar/282/index.html]
[www.cs.umb.edu_443/news_and_events/colloquia/285/index.html]
[www.cs.umb.edu_443/news_and_events/colloquia/286/index.html]
[www.cs.umb.edu_443/news_and_events/colloquia/284/index.html]
[www.cs.umb.edu_443/news_and_events/colloquia/283/index.html]
[www.cs.umb.edu_443/news_and_events/announcements/386/index.html]
[www.cs.umb.edu_443/news_and_events/announcements/385/index.html]
[www.cs.umb.edu_443/news_and_events/jobs_and_internships/388/index.html]
[www.cs.umb.edu_443/news_and_events/jobs_and_internships/387/index.html]
[www.cs.umb.edu_443/staffdocs/facdocsindex.html]
[www.cs.umb.edu_443/women_in_science/index.html]
[www.cs.umb.edu_443/www/index.html]
[www.cs.umb.edu_443/www/sp/about/index.html]
[www.cs.umb.edu_443/www/sp/about/facilities/index.html]
[www.cs.umb.edu_443/www/sp/resources/other/faqs/index.html]
[www.cs.umb.edu_443/academics/courses/CS320L/index.html]
[www.cs.umb.edu_443/academics/courses/CS641/index.html]
[www.cs.umb.edu_443/academics/courses/CS114L/index.html]
[www.cs.umb.edu_443/academics/courses/IT425/index.html]
[www.cs.umb.edu_443/people/staff/administrative/index.html]
[www.cs.umb.edu_443/people/staff/technical_support/index.html]
[www.cs.umb.edu_443/static/bootstrap.min.css]
[www.umb.edu/editor_uploads/images/registrar/UndergradCertificateProgramApplication_Sp18_v2.pdf]
[www.cs.umb.edu_443/static/bootstrap_carousel.css]
[www.cs.umb.edu_443/static/layout/scripts/nivo-lightbox/nivo-lightbox.min.css]
[www.cs.umb.edu_443/static/layout/styles/framework.css]
[www.cs.umb.edu_443/static/layout/styles/layout.css]
[www.cs.umb.edu_443/static/images/calendar.gif]
[www.cs.umb.edu_443/static/event.css]
[www.cs.umb.edu_443/static/layout/styles/fonts/fontawesome-webfont78ce.eot]
[www.cs.umb.edu_443/static/layout/styles/fonts/fontawesome-webfontd41d.eot]
[www.cs.umb.edu_443/static/layout/styles/fonts/fontawesome-webfont78ce.woff]
[www.cs.umb.edu_443/static/layout/styles/fonts/fontawesome-webfont78ce.ttf]
[www.cs.umb.edu_443/static/layout/styles/fontawesome-4.2.0.min.css]
[www.cs.umb.edu_443/static/carousel.css]
[www.cs.umb.edu_443/static/style.css]
[www.cs.umb.edu_443/news_and_events/events_calendar/287/index.html]
[www.cs.umb.edu_443/academics/courses/CS105/index.html]
[www.cs.umb.edu_443/academics/courses/CS630/index.html]
[www.cs.umb.edu_443/people/Colin_Godfrey/index.html]
[www.cs.umb.edu_443/people/Kenneth_Newman/index.html]
[www.cs.umb.edu_443/media/documents/Nonimmigrant_Visa_Options_after_Practical_Training.html]
[www.cs.umb.edu_443/academics/courses/CS641/index.html]
[www.cs.umb.edu_443/img/glyphicons-halflings.html]
[www.cs.umb.edu_443/img/glyphicons-halflings-white.html]
[www.cs.umb.edu_443/static/layout/scripts/nivo-lightbox/images/loading.gif]
[www.cs.umb.edu_443/static/layout/scripts/nivo-lightbox/images/prev.png]
[www.cs.umb.edu_443/static/layout/scripts/nivo-lightbox/images/next.png]
[www.cs.umb.edu_443/static/layout/scripts/nivo-lightbox/images/close.png]
[www.cs.umb.edu_443/static/layout/scripts/nivo-lightbox/images/loading@2x.gif]
[www.cs.umb.edu_443/static/layout/scripts/nivo-lightbox/images/prev@2x.png]
[www.cs.umb.edu_443/static/layout/scripts/nivo-lightbox/images/next@2x.png]
[www.cs.umb.edu_443/static/layout/scripts/nivo-lightbox/images/close@2x.png]
[www.cs.umb.edu_443/static/layout/scripts/nivo-lightbox/nivo-lightbox.min.css]
[www.cs.umb.edu_443/static/layout/styles/framework.css]
[www.cs.umb.edu_443/static/layout/styles/fonts/fontawesome-webfont78ce.svg]
